============================================================
攒功德日志 - 2026-04-09 18:46:33
============================================================

[18:46:35] 《佛说阿弥陀经.txt》
输入: 佛说阿弥陀经...
[Tokens: 输入12 + 输出0 = 12]

[18:46:41] 《佛说阿弥陀经.txt》
输入: 一时佛在舍卫国，祇树给孤独园。...
[Tokens: 输入30 + 输出0 = 30]

[18:47:15] 《佛说阿弥陀经.txt》
输入: 与大比丘僧，千二百五十人俱，皆是大阿罗汉，众所知识：长老舍利弗、摩诃目犍连、摩诃迦叶、摩诃迦旃延、摩诃俱絺罗、离婆多、周利盘陀伽、难陀、阿难陀、罗(侯)罗、憍梵波提、宾头卢颇罗堕、迦留陀夷、摩诃劫宾那...
[Tokens: 输入240 + 输出0 = 240]

[18:47:31] 《佛说阿弥陀经.txt》
输入: 并诸菩萨摩诃萨：文殊师利法王子、阿逸多菩萨、乾陀诃提菩萨、常精进菩萨，与如是等诸大菩萨。及释提桓因等，无量诸天大众俱。...
[Tokens: 输入118 + 输出0 = 118]

[18:47:45] 《佛说阿弥陀经.txt》
输入: 尔时，佛告长老舍利弗：『从是西方，过十万亿佛土有世界名曰极乐，其土有佛，号阿弥陀，今现在说法。』...
[Tokens: 输入96 + 输出0 = 96]

[18:47:56] 《佛说阿弥陀经.txt》
输入: 『舍利弗，彼土何故名为极乐？其国众生，无有众苦，但受诸乐，故名极乐。』...
[Tokens: 输入70 + 输出0 = 70]

[18:48:09] 《佛说阿弥陀经.txt》
输入: 『又舍利弗。极乐国土，七重栏楯，七重罗网，七重行树，皆是四宝，周匝围绕，是故彼国名为极乐。』...
[Tokens: 输入92 + 输出0 = 92]

[18:48:40] 《佛说阿弥陀经.txt》
输入: 『又舍利弗。极乐国土，有七宝池，八功德水，充满其中，池底纯以金沙布地。四边阶道，金银、琉璃、玻璃合成。上有楼阁，亦以金银、琉璃、玻璃、砗磲、赤珠、玛瑙而严饰之。池中莲花大如车轮，青色青光、黄色黄光、赤...
[Tokens: 输入230 + 输出0 = 230]

